// Jest Snapshot v1, https://goo.gl/fbAQLP

exports[`renders correctly: 
      <input
       className="input"
       disabled={true}
       type="text"
       value="0"
     />
       1`] = `
<input
  className="input"
  disabled={true}
  type="text"
  value="0"
/>
`;
