// Jest Snapshot v1, https://goo.gl/fbAQLP

exports[`renders correctly 1`] = `
Array [
  <button
    className="item"
    onClick={[Function]}
    type="button"
    value="AC"
  >
    AC
  </button>,
  <button
    className="item"
    onClick={[Function]}
    type="button"
    value="+/-"
  >
    +/-
  </button>,
  <button
    className="item"
    onClick={[Function]}
    type="button"
    value="%"
  >
    %
  </button>,
  <button
    className="item"
    onClick={[Function]}
    type="button"
    value="รท"
  >
    รท
  </button>,
  <button
    className="item"
    onClick={[Function]}
    type="button"
    value="7"
  >
    7
  </button>,
  <button
    className="item"
    onClick={[Function]}
    type="button"
    value="8"
  >
    8
  </button>,
  <button
    className="item"
    onClick={[Function]}
    type="button"
    value="9"
  >
    9
  </button>,
  <button
    className="item"
    onClick={[Function]}
    type="button"
    value="x"
  >
    x
  </button>,
  <button
    className="item"
    onClick={[Function]}
    type="button"
    value="4"
  >
    4
  </button>,
  <button
    className="item"
    onClick={[Function]}
    type="button"
    value="5"
  >
    5
  </button>,
  <button
    className="item"
    onClick={[Function]}
    type="button"
    value="6"
  >
    6
  </button>,
  <button
    className="item"
    onClick={[Function]}
    type="button"
    value="-"
  >
    -
  </button>,
  <button
    className="item"
    onClick={[Function]}
    type="button"
    value="1"
  >
    1
  </button>,
  <button
    className="item"
    onClick={[Function]}
    type="button"
    value="2"
  >
    2
  </button>,
  <button
    className="item"
    onClick={[Function]}
    type="button"
    value="3"
  >
    3
  </button>,
  <button
    className="item"
    onClick={[Function]}
    type="button"
    value="+"
  >
    +
  </button>,
  <button
    className="item num-0"
    onClick={[Function]}
    type="button"
    value="0"
  >
    0
  </button>,
  <button
    className="item"
    onClick={[Function]}
    type="button"
    value="."
  >
    .
  </button>,
  <button
    className="item orange"
    onClick={[Function]}
    type="button"
    value="="
  >
    =
  </button>,
]
`;
